<html>
<body>
<pre>
<h1>礦ision Build Log</h1>
<h2>Tool Versions:</h2>
IDE-Version: μVision V5.14.0.0
Copyright (C) 2015 ARM Ltd and ARM Germany GmbH. All rights reserved.
License Information: 11 11, 11, LIC=SDA0P-MFCER-RARDM-XSZCS-AENBR-T2HXK
 
Tool Versions:
Toolchain:       MDK-ARM Standard  Version: 5.14.0.0
Toolchain Path:  D:\Keil_v5\ARM\ARMCC\Bin
C Compiler:      Armcc.exe V5.05 update 1 (build 106)
Assembler:       Armasm.exe V5.05 update 1 (build 106)
Linker/Locator:  ArmLink.exe V5.05 update 1 (build 106)
Library Manager: ArmAr.exe V5.05 update 1 (build 106)
Hex Converter:   FromElf.exe V5.05 update 1 (build 106)
CPU DLL:         SARMCM3.DLL V5.14.0.0
Dialog DLL:      DCM.DLL V1.13.1.0
Target DLL:      STLink\ST-LINKIII-KEIL_SWO.dll V2.0.14.0_KEIL
Dialog DLL:      TCM.DLL V1.14.4.0
 
<h2>Project:</h2>
C:\Users\17989\Desktop\实验3(3)\实验3\Project\实验例程.uvprojx
Project File Date:  11/03/2025

<h2>Output:</h2>
Build target 'Target 1'
compiling core_cm3.c...
compiling system_stm32f10x.c...
assembling startup_stm32f10x_md.s...
compiling misc.c...
compiling stm32f10x_gpio.c...
compiling stm32f10x_rcc.c...
compiling stm32f10x_usart.c...
compiling stm32f10x_tim.c...
compiling main.c...
..\USER\main.c(220): warning:  #186-D: pointless comparison of unsigned integer with zero
                if (target_angle < ANGLE_MIN)
..\USER\main.c: 1 warning, 0 errors
compiling gpio.c...
compiling servo.c...
linking...
Program Size: Code=9528 RO-data=268 RW-data=52 ZI-data=1028  
"..\Outputs\实验例程.axf" - 0 Error(s), 1 Warning(s).

<h2>Collection of Component include folders:</h2>
  C:\Users\17989\Desktop\实验3(3)\实验3\Project\RTE
  D:\Keil_v5\Packs\Keil\STM32F1xx_DFP\2.4.1

<h2>Collection of Component Files used:</h2>
</pre>
</body>
</html>
